=== Anchors (207 total) ===

a16V                                 "43" → 1208 "Consult the Lexicons for this sense of ν..."
a16X                                 "↩︎" → 1121:112 "68"
a16Y                                 "77" → 1104 "See Schweig.’s excellent note on this fr..."
a16Z                                 "↩︎" → 1092:62 "94"
a170                                 "↩︎" → 1074:844 "8"
a171                                 "↩︎" → 1071:42 "12 of such a kind as the teacher (author..."
a172                                 "↩︎" → 1071:83 "13 may choose; if short, of a short one;..."
a174                                 "↩︎" → 1068:6 "74"
a175                                 "23" → 1766 "The story is told by Aelian (iii c. 44),..."
a176                                 "↩︎" → 1034:421 "31 for there is no limit to that which h..."
a178                                 "20" → 1588 "“Compare iii 15, from which all this pas..."
a179                                 "↩︎" → 1107:535 "11 and even if it happens so, to lament ..."
a17A                                 "↩︎" → 1316:134 "39 Have you accepted the theorems (rules..."
a17B                                 "↩︎" → 1113:362 "9 But if you wish not to fail in your de..."
a17C                                 "↩︎" → 1074:358 "7 Begin then from little things. Is the ..."
a17E                                 "↩︎" → 1063:40 "32 are called by the men mistresses (κυρ..."
a17G                           "standardebooks.org" → https://standardebooks.org/
a17H                                 "30" → 1221
a17J                                 "31" → 1214 "The word is κεντητόν “acu pictum,” ornam..."
a17K                                 "↩︎" → 1107:235 "10 But straightway make a distinction in..."
a17M                                 "48" → 1060
a17N                                 "↩︎" → 1058:113 "61"
a17P                                 "90" → 1056 "See Schweig.’s note. ↩︎"
a17R                                 "65" → 1054 "See Schweig.’s note. ↩︎"
a17S                                 "74" → 1200 "See in the Index Graecitatis the word δυ..."
a17T                                 "↩︎" → 1082:94 "98 ut Epictetum dixisse approbat Arrianu..."
a17U                                 "67" → 1052 "See Mrs. Carter’s note, who could only t..."
a17V                                 "↩︎" → 1050:357 "46"
a17W                                 "↩︎" → 1048:120 "43 and communicative (social), and rich ..."
a17X                           "Perseus Digital Library" → http://www.perseus.tufts.edu/hopper/text?doc=Perseus:text:1999.01.0236
a17Y                           "Internet Archive" → https://archive.org/details/discoursesepicte00epiciala
a17Z                                 "↩︎" → 1507:1081 "93"
a180                                 "↩︎" → 1077:350 "79"
a181                                 "19" → 1040 "This passage is explained in the comment..."
a182                                 "↩︎" → 1038:43 "24 and by ignorant persons. But if ever ..."
a183                                 "44" → 1769 "See Schweig.’s note. ↩︎"
a184                                 "14" → 1036 "“If I yet pleased men, I should not be t..."
a185                                 "83" → 1032 "Compare Lucretius ii the beginning. ↩︎..."
a186                                 "↩︎" → 1030:159 "63"
a187                                 "↩︎" → 1684:124 "64"
a188                                 "↩︎" → 1028:131 "85"
a189                                 "15" → 1137 "See the text. ↩︎"
a18A                                 "36" → 1335 "See iii 23, 22; iv 8, 2. ↩︎"
a18B                                 "35" → 1365 "Mrs. Carter translates this, “Unless you..."
a18C                                 "12" → 1026 "Compare Antoninus, xi 6, xii 36. ↩︎"
a18D                                 "13" → 1765 "Note, ed. Schweig. ↩︎"
a18E                                 "92" → 1024 "See Schweig.’s note on this fragment; an..."
a18F                                  "5" → 1763 "Upton proposes to read ἐφ’ ἱπποῦ ἀγαφῷ i..."
a18G                                 "86" → 1210 "This fragment is not from Epictetus. See..."
a18J                                 "97" → 1022 "Arrian, Dissert. ii, 19. ↩︎"
a18K                                 "37" → 1410 "See iii 12. ↩︎"
a18M                           "CC0 1.0 Universal Public Domain Dedication" → https://creativecommons.org/publicdomain/zero/1.0/
a18N                                 "↩︎" → 1020:84 "45 but the bond of the soul is loosened ..."
a18P                                 "53" → 1018 "This is not a translation of the conclus..."
a18R                                 "↩︎" → 1404:789 "91"
a18S                                 "↩︎" → 1016:529 "59"
a18T                                 "↩︎" → 1309:386 "37 But if you are ever very thirsty, tak..."
a18U                                 "↩︎" → 1704:586 "76 what is more troublesome? But I must ..."
a18V                                 "↩︎" → 1014:705 "52"
a18W                                 "↩︎" → 1012:323 "49"
a18X                                 "↩︎" → 1440:377 "55"
a18Y                                 "88" → 1084 "In place of ἀφαιρεῖ τὴν Mrs. Carter prop..."
a18Z                                 "↩︎" → 1010:300 "50"
a190                                 "↩︎" → 1008:266 "5 What then is your own? The use of appe..."
a191                                 "61" → 1006 "Rather obscure, says Schweig. Compare Fr..."
a192                                 "32" → 1004 "Fourteen was considered the age of puber..."
a193                                 "↩︎" → 1001:351 "53"
a194                                 "↩︎" → 1386:432 "95"
a195                                 "↩︎" → 1086:6 "72"
a196                                 "56" → 999
a197                                 "↩︎" → 997:348 "44"
a198                                 "↩︎" → 1094:98 "62"
a199                                 "47" → 995 "The other member of the comparison has b..."
a19A                                 "↩︎" → 993:335 "78"
a19B                                 "85" → 991 "For οὐδὲν Mrs. Carter prefers οὐδὲν μᾶλλ..."
a19C                                 "↩︎" → 1509:119 "88 the freedom of speech which proceeds ..."
a19D                                 "50" → 989 "This fragment is perhaps more corrupt th..."
a19E                                 "↩︎" → 1088:141 "42"
a19F                                 "↩︎" → 1821:15 "1"
a19G                                 "↩︎" → 1307:301 "36 also altogether avoided ostentation: ..."
a19H                                 "80" → 1215 "See Schweig.’s interpretation and emenda..."
a19J                                 "↩︎" → 987:399 "67"
a19K                                 "↩︎" → 1629:108 "47 For neither there (in the ship) will ..."
a19N                                 "↩︎" → 1143:4 "20"
a19P                                 "40" → 983 "The first four verses are by the Stoic C..."
a19R                                 "98" → 981 "“Nempe ubi ratio deficit, ibi sola fiduc..."
a19S                                 "72" → 979 "This fragment contains a lesson for the ..."
a19U                                 "↩︎" → 977:170 "97 Id significat, factis procul, verbis ..."
a19V                                 "46" → 975 "“How hardly shall they that have riches ..."
a19W                                 "↩︎" → 973:675 "58"
a19X                                 "↩︎" → 971:408 "34 to be false, it is not the conjunctio..."
a19Y                                 "39" → 1768 "τὸν διαιροῦντα λόγον. “Eam partitioned r..."
a19Z                                 "↩︎" → 1080:1705 "23"
a1A0                                 "↩︎" → 1492:745 "92"
a1A1                                 "68" → 969 "LXXIII﻿–﻿LXXV﻿—Schweig. has enclosed the..."
a1A2                                 "52" → 967 "I am not sure about the exact meaning of..."
a1A3                                 "54" → 965 "This is not clear. ↩︎"
a1A4                                 "↩︎" → 1729:222 "82"
a1A5                                 "↩︎" → 1724:91 "81"
a1A6                                 "↩︎" → 1100:1611 "15 And what does this mean? For it is no..."
a1A7                                 "↩︎" → 963:80 "27 But if you do attend, observe gravity..."
a1A8                                 "↩︎" → 1135:127 "84"
a1A9                                 "69" → 985 "See Schweig.’s note. ↩︎"
a1AB                           "Weijia Cheng" → https://weijiarhymeswith.asia/
a1AC                                 "↩︎" → 1695:299 "70"
a1AH                           "standardebooks.org/ebooks/epictetus/short-works/george-long" → https://standardebooks.org/ebooks/epictetus/short-works/george-long
a1AJ                                 "25" → 958 "The text is ὡς νόμιμον: and the Latin ex..."
a1AK                                 "↩︎" → 956:237 "35 how do you know whether he is acting ..."
a1AM                                 "10" → 1535 "This is obscure. “It is true that the ma..."
a1AN                                 "11" → 1353 "It has been objected to Epictetus that h..."
a1AP                                 "94" → 1532 "See M. Antoninus, iv 41. ↩︎"
a1AR                                 "21" → 1347 "See ii 22, 13, iv 5, 9. ↩︎"
a1AS                                 "22" → 1111
a1AT                                 "81" → 1390 "χολερὰ γὰρ ἀποφθέγξῃ. See Schweig.’s not..."
a1AU                                 "27" → 1344 "Such recitations were common at Rome, wh..."
a1AV                                 "↩︎" → 870:1402 "17 if it is for your interest, for which..."
a1AW                                 "↩︎" → 953:106 "89"
a1AX                                 "↩︎" → 1046:85 "96"
a1AY                                 "↩︎" → 951:147 "25 Do not however be disagreeable to tho..."
a1AZ                                 "↩︎" → 949:144 "14 Be satisfied then in everything with ..."
a1B0                                 "↩︎" → 872:143 "28 so in a symposium (entertainment) to ..."
a1B2                                 "49" → 946 "Mrs. Carter says, “I have not translated..."
a1B3                                 "↩︎" → 900:431 "2 certainly you will fail in those thing..."
a1B4                                 "↩︎" → 1275:1882 "22 Consequently he who takes care to des..."
a1B5                                 "↩︎" → 941:37 "6 should happen as you wish; but wish th..."
a1B6                                 "↩︎" → 939:114 "19"
a1B7                                 "↩︎" → 1517:39 "57 you will not be thought worthy of gre..."
a1B8                           "Epictetus" → https://en.wikipedia.org/wiki/Epictetus
a1B9                           "George Long" → https://en.wikipedia.org/wiki/George_Long_(scholar)
a1BA                                 "↩︎" → 870:856 "16 perhaps. If then a man gives up the o..."
a1BB                                 "45" → 937 "“He does not say this ‘that it is bad if..."
a1BC                                 "63" → 1771 "See Schweig.’s note. ↩︎"
a1BD                                 "↩︎" → 1284:647 "26"
a1BE                                 "34" → 1102 "τὸ ἀληφὲς συμπεπλεγμένον is rendered in ..."
a1BF                                 "66" → 935 "Pittacus was one of the seven wise men, ..."
a1BG                                 "↩︎" → 1117:193 "56 so do you not cast around (your house..."
a1BH                                 "42" → 933 "The third quotation is from the Criton o..."
a1BJ                                 "82" → 931 "This is the doctrine of God being in man..."
a1BK                                  "9" → 1764 "Τέλειν is used here, as it often is amon..."
a1BM                                 "41" → 1352 "The two second verses are from a play of..."
a1BN                                 "87" → 929 "The meaning of the second part is confus..."
a1BP                                 "76" → 1218 "This bag is the body, or that part of it..."
a1BR                                 "↩︎" → 927:36 "38 to you [for the conduct of life] abid..."
a1BS                                 "↩︎" → 925:47 "41"
a1BT                                 "51" → 1115 "See Schweig.’s note. ↩︎"
a1BU                                 "↩︎" → 923:316 "71"
a1BV                                  "6" → 921 "The text has τὰ γενόμενα: but it should ..."
a1BW                                 "↩︎" → 917:78 "54"
a1BX                                 "28" → 915 "Compare i 25, 11, etc. ↩︎"
a1BY                                 "29" → 1090 "See the note of Schweig. on xxxvi. ↩︎..."
a1BZ                                 "79" → 913 "Mrs. Carter in her notes often refers to..."
a1C0                                  "2" → 911 "This passage will be obscure in the orig..."
a1C1                                  "3" → 1354 "Appearances are named “harsh” or “rough”..."
a1C2                           "Lawrence Alma-Tadema" → https://en.wikipedia.org/wiki/Lawrence_Alma-Tadema
a1C3                           "The League of Moveable Type" → https://www.theleagueofmoveabletype.com/
a1C4                                 "38" → 1334 "This may mean “what is proposed to you b..."
a1C5                                 "78" → 1401 "Mrs. Carter suggests that ἀπάρεστον in t..."
a1C6                                 "75" → 1182
a1C7                                 "70" → 1129 "See Schweig.’s note. There is evidently ..."
a1C8                                 "↩︎" → 1034:90 "30 If then you stand on this rule (the d..."
a1C9                                 "↩︎" → 1192:4 "75"
a1CA                                 "↩︎" → 908:79 "90"
a1CB                                 "↩︎" → 1275:1577 "21 enemies, the opinion that royal power..."
a1CC                                 "84" → 906 "Compare M. Antoninus, vi 6. ↩︎"
a1CD                                 "↩︎" → 904:512 "65"
a1CE                                 "64" → 1772 "Schweig. suggests that ὁ λόγος has been ..."
a1CF                                 "57" → 902 "Schweig. says that in the reading ἐὰν φα..."
a1CG                                 "↩︎" → 900:587 "3 You are an appearance, and in no manne..."
a1CJ                                  "1" → 898 "In Schweighaeuser’s edition the title is..."
a1CK                                 "↩︎" → 1559:214 "73 so also a careful man and one who is ..."
a1CM                                 "↩︎" → 896:219 "69"
a1CN                                 "↩︎" → 894:618 "60"
a1CP                                 "↩︎" → 1504:90 "80"
a1CR                                 "58" → 892 "See Schweig.’s note. ↩︎"
a1CS                                 "↩︎" → 890:341 "51"
a1CT                                 "91" → 1205 "This is a valuable fragment, and I think..."
a1CU                                 "60" → 1770 "See i 1, note 13 and 14. ↩︎"
a1CV                                  "4" → 888 "See the notes in Schweig.’s edition. ↩︎..."
a1CW                                 "16" → 1349 "The sixth part of a drachma. ↩︎"
a1CX                                 "17" → 886 "“Price” is here τὸ διαφέρον. ↩︎..."
a1CY                                 "18" → 943 "See Schweig.’s note. ↩︎"
a1CZ                                 "↩︎" → 1119:121 "83"
a1D0                                 "24" → 1528 "“Convivia cum hominibus extraneis et rud..."
a1D1                                 "↩︎" → 1109:194 "87"
a1D2                                 "89" → 1126 "See Schweig.’s note. ↩︎"
a1D3                                 "↩︎" → 1044:1084 "4"
a1D4                                 "95" → 1123 "See the translation of M. Antoninus, xi ..."
a1D5                                 "↩︎" → 1469:512 "86"
a1D6                                 "59" → 1325 "See Schweig.’s note. ↩︎"
a1D7                                 "55" → 884 "It is observed that the term “just” appl..."
a1D8                                 "73" → 919 "I am not sure what μέρει means. ↩︎..."
a1D9                                 "↩︎" → 882:371 "77"
a1DA                                  "7" → 1497 "He means, Do not chastise your slave whi..."
a1DB                                  "8" → 1368 "The passage seems to mean, that your sla..."
a1DC                                 "↩︎" → 880:4 "33"
a1DD                                 "↩︎" → 878:241 "48"
a1DE                                 "↩︎" → 1158:231 "66"
a1DF                                 "62" → 876 "Compare lviii. Schweig. ↩︎"
a1DG                                 "26" → 1345 "To admire (φαυμάζειν) is contrary to the..."
a1DH                                 "71" → 874
a1DJ                                 "33" → 1767 "See Mrs. C.’s note, in which she says “E..."
a1DK                                 "96" → 1340 "See M. Antoninus, xi 38. ↩︎"
a1DM                                 "↩︎" → 872:507 "29"
a1DN                                 "↩︎" → 870:1714 "18 of the man when he enters the room."
a1DP                                 "↩︎" → 868:46 "40"
a1DR                                 "93" → 866 "See Schweig.’s note, and his remark on t..."
aZ4                            "Uncopyright" → 1098 "Uncopyright"
=== Container Header (Binary) ===

magic:                 CONT
version:               2
header_len:            9782
container_info_offset: 9466
container_info_length: 80

=== Container Info (Ion) ===

bcContId:                 "CR!3LF6IWAH57RW4GPF1ZWCNEK1E1AV"
bcComprType:              0
bcDRMScheme:              0
bcIndexTabOffset:         18
bcIndexTabLength:         7752
bcDocSymbolOffset:        7770
bcDocSymbolLength:        1660
bcChunkSize:              4096
bcFCapabilitiesOffset:    9430
bcFCapabilitiesLength:    36
=== Content Chunks ===

content_1                         8437 bytes
content_10                        8419 bytes
content_11                        8357 bytes
content_12                        8351 bytes
content_13                        8017 bytes
content_2                         9290 bytes
content_3                         9022 bytes
content_4                         8558 bytes
content_5                         8934 bytes
content_6                         8663 bytes
content_7                         8387 bytes
content_8                         8513 bytes
content_9                         8437 bytes

Total content chunks: 13
=== Entity Dependencies ===

Lists all entities in the KFX container.

Container: CR!3LF6IWAH57RW4GPF1ZWCNEK1E1AV
Entities (313):
  anchor (207): a16V, a16X, a16Y, ... a1DR, aZ4
  content (13): content_1, content_10, content_11, ... content_8, content_9
  other (38): sEE, sEG, sEJ, ... resource/rsrc1DU, resource/rsrc7
  resource (3): e6, eF, eS
  section (16): c0, c12, c5H, ... cP6-ad, cPY-ad
  storyline (8): l16, l4, l5N, lD, lJ2, lP, lPA, lR2
  style (28): s16T, s16U, s16W, ... s5R, s8

Total containers: 1
Total entity refs: 313
=== Document Data ===

direction:                ltr
column_count:             auto
font_size:                { value: 1, unit: em }
writing_mode:             horizontal_tb
selection:                enabled
max_id:                   1467
line_height:              { value: 1.2, unit: em }
spacing_percent_base:     width
=== Content Features ===

 1. com.amazon.yjconversion.reflow-style v6.0
 2. SDK.Marker.CanonicalFormat v1.0
 3. com.amazon.yjconversion.yj_hdv v1.0
=== Location Map ===

Maps Kindle locations (indices) to position IDs in the content.

Total location entries: 1268
Unique position IDs: 475
Position→Section mappings: 667
Position→Content mappings: 659
Position ID range: 866..1824

Sample entries (first 15):
  loc     0 → pos 1785 [c9]
  loc     1 → pos 1785 [c9]
  loc     2 → pos 1785 [c9]
  loc     3 → pos 1512 [c9] image
  loc     4 → pos 1512 [c9] image
  loc     5 → pos 1824 [cJ] text
  loc     6 → pos 1824 [cJ] text
  loc     7 → pos 1824 [cJ] text
  loc     8 → pos 1824 [cJ] text
  loc     9 → pos 1824 [cJ] text
  loc    10 → pos 1824 [cJ] text
  loc    11 → pos 1824 [cJ] text
  loc    12 → pos 1824 [cJ] text
  loc    13 → pos 1824 [cJ] text
  loc    14 → pos 1824 [cJ] text
  ...

Last 5 entries:
  loc  1263 → pos 1452:999 [cPY] text "...."
  loc  1264 → pos 1452:999 [cPY] text "...."
  loc  1265 → pos 1452:999 [cPY] text "...."
  loc  1266 → pos 1452:999 [cPY] text "...."
  loc  1267 → pos 1452:999 [cPY] text "...."

Sample entries with text (first 10):
  loc    20 → pos 1797:90 [cJ] text "d builds on the hard work of other liter..."
  loc    21 → pos 1821:14 [c12] text "n1..."
  loc    22 → pos 1822:9 [c12] text "l..."
  loc    23 → pos 1230 [c12] text "I..."
  loc    24 → pos 1231:81 [c12] text "όληψις), movement towards a thing (ὁρμή)..."
  loc    25 → pos 1231:146 [c12] text "σις, turning from a thing); and in a wor..."
  loc    26 → pos 1231:289 [c12] text "power), and in a word, whatever are not..."
  loc    27 → pos 1231:439 [c12] text "things not in our power are weak, slavi..."
  loc    28 → pos 1231:589 [c12] text "re slavish to be free, and the things wh..."
  loc    29 → pos 1231:739 [c12] text "ou will blame both gods and men: but if..."
  (1236 total entries with text)

--- Section breakdown ---
  c12: 391 locations
  c5H: 575 locations
  c9: 5 locations
  cHY: 236 locations
  cJ: 16 locations
  cP6: 7 locations
  cPY: 38 locations

--- Content type breakdown ---
  text: 1063 locations
  listitem: 194 locations
  container: 3 locations
  image: 2 locations
  list: 1 locations
=== kindle_ebook_metadata ===

selection:                enabled
nested_span:              enabled

=== kindle_audit_metadata ===

file_creator:             KPR
creator_version:          3.101.0

=== kindle_title_metadata ===

book_id:                  Bdyu8xLGTv6ihblzp2K8Pg0
description:              A collection of Epictetus’s short works.
language:                 en-GB
author:                   Epictetus
title:                    Short Works
cover_image:              e6
publisher:                Standard Ebooks
asset_id:                 CR!3LF6IWAH57RW4GPF1ZWCNEK1E1AV
is_sample:                false
issue_date:               2022-05-26
override_kindle_font:     false

=== kindle_capability_metadata ===


=== Headings (nZ5) ===

[h2] h2                                        → 1821 (text)  "The Enchiridion1"
  heading-nav-unit                          → 1821 (text)  "The Enchiridion1"
  heading-nav-unit                          → 1590 (text)  "Fragments"
  heading-nav-unit                          → 1360 (text)  "Endnotes"
  heading-nav-unit                          → 1098 (text)  "Uncopyright"
[h3] h3                                        → 1230 (text)  "I"
  heading-nav-unit                          → 1230 (text)  "I"
  heading-nav-unit                          → 1204 (text)  "II"
  heading-nav-unit                          → 1146 (text)  "III"
  heading-nav-unit                          → 1233 (text)  "IV"
  heading-nav-unit                          → 1235 (text)  "V"
  heading-nav-unit                          → 1237 (text)  "VI"
  heading-nav-unit                          → 1238 (text)  "VII"
  heading-nav-unit                          → 1240 (text)  "VIII"
  heading-nav-unit                          → 1241 (text)  "IX"
  heading-nav-unit                          → 1243 (text)  "X"
  heading-nav-unit                          → 1245 (text)  "XI"
  heading-nav-unit                          → 1247 (text)  "XII"
  heading-nav-unit                          → 1248 (text)  "XIII"
  heading-nav-unit                          → 1250 (text)  "XIV"
  heading-nav-unit                          → 1251 (text)  "XV"
  heading-nav-unit                          → 1253 (text)  "XVI"
  heading-nav-unit                          → 1254 (text)  "XVII"
  heading-nav-unit                          → 1255 (text)  "XVIII"
  heading-nav-unit                          → 1257 (text)  "XIX"
  heading-nav-unit                          → 1259 (text)  "XX"
  heading-nav-unit                          → 1261 (text)  "XXI"
  heading-nav-unit                          → 1263 (text)  "XXII"
  heading-nav-unit                          → 1265 (text)  "XXIII"
  heading-nav-unit                          → 1266 (text)  "XXIV"
  heading-nav-unit                          → 1267 (text)  "XXV"
  heading-nav-unit                          → 1268 (text)  "XXVI"
  heading-nav-unit                          → 1269 (text)  "XXVII"
  heading-nav-unit                          → 1270 (text)  "XXVIII"
  heading-nav-unit                          → 1143 (text)  "XXIX20"
  heading-nav-unit                          → 1144 (text)  "XXX"
  heading-nav-unit                          → 1274 (text)  "XXXI"
  heading-nav-unit                          → 1276 (text)  "XXXII"
  heading-nav-unit                          → 1277 (text)  "XXXIII"
  heading-nav-unit                          → 1288 (text)  "XXXIV"
  heading-nav-unit                          → 1290 (text)  "XXXV"
  heading-nav-unit                          → 1292 (text)  "XXXVI"
  heading-nav-unit                          → 1293 (text)  "XXXVII"
  heading-nav-unit                          → 1295 (text)  "XXXVIII"
  heading-nav-unit                          → 1297 (text)  "XXXIX"
  heading-nav-unit                          → 1298 (text)  "XL"
  heading-nav-unit                          → 1299 (text)  "XLI"
  heading-nav-unit                           → 880 (text)  "XLII33"
  heading-nav-unit                          → 1301 (text)  "XLIII"
  heading-nav-unit                          → 1303 (text)  "XLIV"
  heading-nav-unit                          → 1305 (text)  "XLV"
  heading-nav-unit                          → 1306 (text)  "XLVI"
  heading-nav-unit                          → 1308 (text)  "XLVII"
  heading-nav-unit                          → 1310 (text)  "XLVIII"
  heading-nav-unit                          → 1312 (text)  "XLIX"
  heading-nav-unit                          → 1314 (text)  "L"
  heading-nav-unit                          → 1315 (text)  "LI"
  heading-nav-unit                          → 1317 (text)  "LII"
  heading-nav-unit                          → 1319 (text)  "LIII"
  heading-nav-unit                          → 1595 (text)  "I"
  heading-nav-unit                          → 1584 (text)  "II"
  heading-nav-unit                          → 1597 (text)  "III"
  heading-nav-unit                          → 1599 (text)  "IV"
  heading-nav-unit                          → 1600 (text)  "V"
  heading-nav-unit                          → 1602 (text)  "VI"
  heading-nav-unit                          → 1604 (text)  "VII"
  heading-nav-unit                          → 1606 (text)  "VIII"
  heading-nav-unit                          → 1607 (text)  "IX"
  heading-nav-unit                          → 1140 (text)  "X"
  heading-nav-unit                          → 1474 (text)  "XI"
  heading-nav-unit                          → 1610 (text)  "XII"
  heading-nav-unit                          → 1612 (text)  "XIII"
  heading-nav-unit                          → 1614 (text)  "XIV"
  heading-nav-unit                          → 1616 (text)  "XV"
  heading-nav-unit                          → 1618 (text)  "XVI"
  heading-nav-unit                          → 1620 (text)  "XVII"
  heading-nav-unit                          → 1622 (text)  "XVIII"
  heading-nav-unit                          → 1623 (text)  "XIX"
  heading-nav-unit                          → 1625 (text)  "XX"
  heading-nav-unit                          → 1627 (text)  "XXI"
  heading-nav-unit                          → 1628 (text)  "XXII"
  heading-nav-unit                          → 1630 (text)  "XXIII"
  heading-nav-unit                          → 1631 (text)  "XXIV"
  heading-nav-unit                          → 1564 (text)  "XXV"
  heading-nav-unit                          → 1634 (text)  "XXVI"
  heading-nav-unit                          → 1636 (text)  "XXVII"
  heading-nav-unit                          → 1168 (text)  "XXVIII"
  heading-nav-unit                          → 1494 (text)  "XXIX"
  heading-nav-unit                          → 1639 (text)  "XXX"
  heading-nav-unit                          → 1640 (text)  "XXXI"
  heading-nav-unit                          → 1642 (text)  "XXXII"
  heading-nav-unit                          → 1533 (text)  "XXXIII"
  heading-nav-unit                          → 1644 (text)  "XXXIV"
  heading-nav-unit                          → 1645 (text)  "XXXV"
  heading-nav-unit                          → 1646 (text)  "XXXVI"
  heading-nav-unit                          → 1647 (text)  "XXXVII"
  heading-nav-unit                          → 1649 (text)  "XXXVIII"
  heading-nav-unit                          → 1651 (text)  "XXXIX"
  heading-nav-unit                          → 1653 (text)  "XL"
  heading-nav-unit                          → 1654 (text)  "XLI"
  heading-nav-unit                          → 1655 (text)  "XLII"
  heading-nav-unit                          → 1657 (text)  "XLIII"
  heading-nav-unit                          → 1659 (text)  "XLIV"
  heading-nav-unit                          → 1660 (text)  "XLV"
  heading-nav-unit                          → 1661 (text)  "XLVI"
  heading-nav-unit                          → 1663 (text)  "XLVII"
  heading-nav-unit                          → 1664 (text)  "XLVIII"
  heading-nav-unit                          → 1666 (text)  "XLIX"
  heading-nav-unit                          → 1398 (text)  "L"
  heading-nav-unit                          → 1667 (text)  "LI"
  heading-nav-unit                          → 1669 (text)  "LII"
  heading-nav-unit                          → 1373 (text)  "LIII"
  heading-nav-unit                          → 1577 (text)  "LIV"
  heading-nav-unit                          → 1671 (text)  "LV"
  heading-nav-unit                          → 1673 (text)  "LVI"
  heading-nav-unit                          → 1674 (text)  "LVII"
  heading-nav-unit                          → 1676 (text)  "LVIII"
  heading-nav-unit                          → 1677 (text)  "LIX"
  heading-nav-unit                          → 1678 (text)  "LX"
  heading-nav-unit                          → 1679 (text)  "LXI"
  heading-nav-unit                          → 1549 (text)  "LXII"
  heading-nav-unit                          → 1682 (text)  "LXIII"
  heading-nav-unit                          → 1683 (text)  "LXIV"
  heading-nav-unit                          → 1685 (text)  "LXV"
  heading-nav-unit                          → 1686 (text)  "LXVI"
  heading-nav-unit                          → 1687 (text)  "LXVII"
  heading-nav-unit                          → 1445 (text)  "LXVIII"
  heading-nav-unit                          → 1688 (text)  "LXIX"
  heading-nav-unit                          → 1689 (text)  "LXX"
  heading-nav-unit                          → 1589 (text)  "LXXI"
  heading-nav-unit                          → 1690 (text)  "LXXII"
  heading-nav-unit                          → 1692 (text)  "LXXIII"
  heading-nav-unit                          → 1396 (text)  "LXXIV"
  heading-nav-unit                          → 1583 (text)  "LXXV"
  heading-nav-unit                          → 1578 (text)  "LXXVI"
  heading-nav-unit                          → 1572 (text)  "LXXVII"
  heading-nav-unit                          → 1693 (text)  "LXXVIII"
  heading-nav-unit                          → 1568 (text)  "LXXIX"
  heading-nav-unit                          → 1392 (text)  "LXXX"
  heading-nav-unit                          → 1563 (text)  "LXXXI"
  heading-nav-unit                          → 1148 (text)  "LXXXII"
  heading-nav-unit                          → 1696 (text)  "LXXXIII"
  heading-nav-unit                          → 1086 (text)  "LXXXIV72"
  heading-nav-unit                          → 1555 (text)  "LXXXV"
  heading-nav-unit                          → 1068 (text)  "LXXXVI74"
  heading-nav-unit                          → 1556 (text)  "LXXXVII"
  heading-nav-unit                          → 1699 (text)  "LXXXVIII"
  heading-nav-unit                          → 1700 (text)  "LXXXIX"
  heading-nav-unit                          → 1550 (text)  "XC"
  heading-nav-unit                          → 1548 (text)  "XCI"
  heading-nav-unit                          → 1703 (text)  "XCII"
  heading-nav-unit                          → 1546 (text)  "XCIII"
  heading-nav-unit                          → 1192 (text)  "XCIV75"
  heading-nav-unit                          → 1537 (text)  "XCV"
  heading-nav-unit                          → 1536 (text)  "XCVI"
  heading-nav-unit                          → 1705 (text)  "XCVII"
  heading-nav-unit                          → 1706 (text)  "XCVIII"
  heading-nav-unit                          → 1708 (text)  "XCIX"
  heading-nav-unit                          → 1710 (text)  "C"
  heading-nav-unit                          → 1422 (text)  "CI"
  heading-nav-unit                          → 1712 (text)  "CII"
  heading-nav-unit                          → 1713 (text)  "CIII"
  heading-nav-unit                          → 1714 (text)  "CIV"
  heading-nav-unit                          → 1715 (text)  "CV"
  heading-nav-unit                          → 1716 (text)  "CVI"
  heading-nav-unit                          → 1513 (text)  "CVII"
  heading-nav-unit                          → 1510 (text)  "CVIII"
  heading-nav-unit                          → 1719 (text)  "CIX"
  heading-nav-unit                          → 1506 (text)  "CX"
  heading-nav-unit                          → 1720 (text)  "CXI"
  heading-nav-unit                          → 1721 (text)  "CXII"
  heading-nav-unit                          → 1160 (text)  "CXIII"
  heading-nav-unit                          → 1502 (text)  "CXIV"
  heading-nav-unit                          → 1493 (text)  "CXV"
  heading-nav-unit                          → 1491 (text)  "CXVI"
  heading-nav-unit                          → 1585 (text)  "CXVII"
  heading-nav-unit                          → 1726 (text)  "CXVIII"
  heading-nav-unit                          → 1490 (text)  "CXIX"
  heading-nav-unit                          → 1489 (text)  "CXX"
  heading-nav-unit                          → 1488 (text)  "CXXI"
  heading-nav-unit                          → 1343 (text)  "CXXII"
  heading-nav-unit                          → 1487 (text)  "CXXIII"
  heading-nav-unit                          → 1485 (text)  "CXXIV"
  heading-nav-unit                          → 1428 (text)  "CXXV"
  heading-nav-unit                          → 1538 (text)  "CXXVI"
  heading-nav-unit                          → 1480 (text)  "CXXVII"
  heading-nav-unit                          → 1475 (text)  "CXXVIII"
  heading-nav-unit                          → 1529 (text)  "CXXIX"
  heading-nav-unit                          → 1473 (text)  "CXXX"
  heading-nav-unit                          → 1471 (text)  "CXXXI"
  heading-nav-unit                          → 1734 (text)  "CXXXII"
  heading-nav-unit                          → 1735 (text)  "CXXXIII"
  heading-nav-unit                          → 1736 (text)  "CXXXIV"
  heading-nav-unit                          → 1526 (text)  "CXXXV"
  heading-nav-unit                          → 1738 (text)  "CXXXVI"
  heading-nav-unit                          → 1463 (text)  "Fragments of Disputed Authorship"
  heading-nav-unit                          → 1515 (text)  "Some Fragments of Epictetus Omitted by Upton and b..."
  heading-nav-unit                          → 1383 (text)  "CLXXIX"
  heading-nav-unit                          → 1164 (text)  "CLXXX"
  heading-nav-unit                          → 1371 (text)  "CLXXXI"
[h4] h4                                        → 1459 (text)  "CXXXVII"
  heading-nav-unit                          → 1459 (text)  "CXXXVII"
  heading-nav-unit                          → 1458 (text)  "CXXXVIII"
  heading-nav-unit                          → 1456 (text)  "CXXXIX"
  heading-nav-unit                          → 1449 (text)  "CXL"
  heading-nav-unit                          → 1448 (text)  "CXLI"
  heading-nav-unit                          → 1547 (text)  "CXLII"
  heading-nav-unit                          → 1444 (text)  "CXLIII"
  heading-nav-unit                          → 1443 (text)  "CXLIV"
  heading-nav-unit                          → 1574 (text)  "CXLV"
  heading-nav-unit                          → 1436 (text)  "CXLVI"
  heading-nav-unit                          → 1434 (text)  "CXLVII"
  heading-nav-unit                          → 1433 (text)  "CXLVIII"
  heading-nav-unit                          → 1431 (text)  "CXLIX"
  heading-nav-unit                          → 1744 (text)  "CL"
  heading-nav-unit                          → 1429 (text)  "CLI"
  heading-nav-unit                          → 1426 (text)  "CLII"
  heading-nav-unit                          → 1425 (text)  "CLIII"
  heading-nav-unit                          → 1745 (text)  "CLIV"
  heading-nav-unit                          → 1746 (text)  "CLV"
  heading-nav-unit                          → 1420 (text)  "CLVI"
  heading-nav-unit                          → 1460 (text)  "CLVII"
  heading-nav-unit                          → 1748 (text)  "CLVIII"
  heading-nav-unit                          → 1750 (text)  "CLIX"
  heading-nav-unit                          → 1435 (text)  "CLX"
  heading-nav-unit                          → 1752 (text)  "CLXI"
  heading-nav-unit                          → 1753 (text)  "CLXII"
  heading-nav-unit                          → 1416 (text)  "CLXIII"
  heading-nav-unit                          → 1754 (text)  "CLXIV"
  heading-nav-unit                          → 1413 (text)  "CLXV"
  heading-nav-unit                          → 1411 (text)  "CLXVI"
  heading-nav-unit                          → 1530 (text)  "CLXVII"
  heading-nav-unit                          → 1756 (text)  "CLXVIII"
  heading-nav-unit                          → 1406 (text)  "CLXIX"
  heading-nav-unit                          → 1403 (text)  "CLXX"
  heading-nav-unit                          → 1758 (text)  "CLXXI"
  heading-nav-unit                          → 1394 (text)  "CLXXII"
  heading-nav-unit                          → 1391 (text)  "CLXXIII"
  heading-nav-unit                          → 1388 (text)  "CLXXIV"
  heading-nav-unit                          → 1759 (text)  "CLXXV"
  heading-nav-unit                          → 1387 (text)  "CLXXVI"
  heading-nav-unit                          → 1477 (text)  "CLXXVII"
  heading-nav-unit                          → 1385 (text)  "CLXXVIII"

Total entries: 243

=== Table of Contents (nRK) ===

Titlepage                                 → 1512 (image)
Imprint                                   → 1824 (text)
The Enchiridion                           → 1229 (text)
  I                                         → 1230 (text)  "I"
  II                                        → 1204 (text)  "II"
  III                                       → 1146 (text)  "III"
  IV                                        → 1233 (text)  "IV"
  V                                         → 1235 (text)  "V"
  VI                                        → 1237 (text)  "VI"
  VII                                       → 1238 (text)  "VII"
  VIII                                      → 1240 (text)  "VIII"
  IX                                        → 1241 (text)  "IX"
  X                                         → 1243 (text)  "X"
  XI                                        → 1245 (text)  "XI"
  XII                                       → 1247 (text)  "XII"
  XIII                                      → 1248 (text)  "XIII"
  XIV                                       → 1250 (text)  "XIV"
  XV                                        → 1251 (text)  "XV"
  XVI                                       → 1253 (text)  "XVI"
  XVII                                      → 1254 (text)  "XVII"
  XVIII                                     → 1255 (text)  "XVIII"
  XIX                                       → 1257 (text)  "XIX"
  XX                                        → 1259 (text)  "XX"
  XXI                                       → 1261 (text)  "XXI"
  XXII                                      → 1263 (text)  "XXII"
  XXIII                                     → 1265 (text)  "XXIII"
  XXIV                                      → 1266 (text)  "XXIV"
  XXV                                       → 1267 (text)  "XXV"
  XXVI                                      → 1268 (text)  "XXVI"
  XXVII                                     → 1269 (text)  "XXVII"
  XXVIII                                    → 1270 (text)  "XXVIII"
  XXIX                                      → 1143 (text)  "XXIX20"
  XXX                                       → 1144 (text)  "XXX"
  XXXI                                      → 1274 (text)  "XXXI"
  XXXII                                     → 1276 (text)  "XXXII"
  XXXIII                                    → 1277 (text)  "XXXIII"
  XXXIV                                     → 1288 (text)  "XXXIV"
  XXXV                                      → 1290 (text)  "XXXV"
  XXXVI                                     → 1292 (text)  "XXXVI"
  XXXVII                                    → 1293 (text)  "XXXVII"
  XXXVIII                                   → 1295 (text)  "XXXVIII"
  XXXIX                                     → 1297 (text)  "XXXIX"
  XL                                        → 1298 (text)  "XL"
  XLI                                       → 1299 (text)  "XLI"
  XLII                                       → 880 (text)  "XLII33"
  XLIII                                     → 1301 (text)  "XLIII"
  XLIV                                      → 1303 (text)  "XLIV"
  XLV                                       → 1305 (text)  "XLV"
  XLVI                                      → 1306 (text)  "XLVI"
  XLVII                                     → 1308 (text)  "XLVII"
  XLVIII                                    → 1310 (text)  "XLVIII"
  XLIX                                      → 1312 (text)  "XLIX"
  L                                         → 1314 (text)  "L"
  LI                                        → 1315 (text)  "LI"
  LII                                       → 1317 (text)  "LII"
  LIII                                      → 1319 (text)  "LIII"
Fragments                                 → 1590 (text)  "Fragments"
  I                                         → 1595 (text)  "I"
  II                                        → 1584 (text)  "II"
  III                                       → 1597 (text)  "III"
  IV                                        → 1599 (text)  "IV"
  V                                         → 1600 (text)  "V"
  VI                                        → 1602 (text)  "VI"
  VII                                       → 1604 (text)  "VII"
  VIII                                      → 1606 (text)  "VIII"
  IX                                        → 1607 (text)  "IX"
  X                                         → 1140 (text)  "X"
  XI                                        → 1474 (text)  "XI"
  XII                                       → 1610 (text)  "XII"
  XIII                                      → 1612 (text)  "XIII"
  XIV                                       → 1614 (text)  "XIV"
  XV                                        → 1616 (text)  "XV"
  XVI                                       → 1618 (text)  "XVI"
  XVII                                      → 1620 (text)  "XVII"
  XVIII                                     → 1622 (text)  "XVIII"
  XIX                                       → 1623 (text)  "XIX"
  XX                                        → 1625 (text)  "XX"
  XXI                                       → 1627 (text)  "XXI"
  XXII                                      → 1628 (text)  "XXII"
  XXIII                                     → 1630 (text)  "XXIII"
  XXIV                                      → 1631 (text)  "XXIV"
  XXV                                       → 1564 (text)  "XXV"
  XXVI                                      → 1634 (text)  "XXVI"
  XXVII                                     → 1636 (text)  "XXVII"
  XXVIII                                    → 1168 (text)  "XXVIII"
  XXIX                                      → 1494 (text)  "XXIX"
  XXX                                       → 1639 (text)  "XXX"
  XXXI                                      → 1640 (text)  "XXXI"
  XXXII                                     → 1642 (text)  "XXXII"
  XXXIII                                    → 1533 (text)  "XXXIII"
  XXXIV                                     → 1644 (text)  "XXXIV"
  XXXV                                      → 1645 (text)  "XXXV"
  XXXVI                                     → 1646 (text)  "XXXVI"
  XXXVII                                    → 1647 (text)  "XXXVII"
  XXXVIII                                   → 1649 (text)  "XXXVIII"
  XXXIX                                     → 1651 (text)  "XXXIX"
  XL                                        → 1653 (text)  "XL"
  XLI                                       → 1654 (text)  "XLI"
  XLII                                      → 1655 (text)  "XLII"
  XLIII                                     → 1657 (text)  "XLIII"
  XLIV                                      → 1659 (text)  "XLIV"
  XLV                                       → 1660 (text)  "XLV"
  XLVI                                      → 1661 (text)  "XLVI"
  XLVII                                     → 1663 (text)  "XLVII"
  XLVIII                                    → 1664 (text)  "XLVIII"
  XLIX                                      → 1666 (text)  "XLIX"
  L                                         → 1398 (text)  "L"
  LI                                        → 1667 (text)  "LI"
  LII                                       → 1669 (text)  "LII"
  LIII                                      → 1373 (text)  "LIII"
  LIV                                       → 1577 (text)  "LIV"
  LV                                        → 1671 (text)  "LV"
  LVI                                       → 1673 (text)  "LVI"
  LVII                                      → 1674 (text)  "LVII"
  LVIII                                     → 1676 (text)  "LVIII"
  LIX                                       → 1677 (text)  "LIX"
  LX                                        → 1678 (text)  "LX"
  LXI                                       → 1679 (text)  "LXI"
  LXII                                      → 1549 (text)  "LXII"
  LXIII                                     → 1682 (text)  "LXIII"
  LXIV                                      → 1683 (text)  "LXIV"
  LXV                                       → 1685 (text)  "LXV"
  LXVI                                      → 1686 (text)  "LXVI"
  LXVII                                     → 1687 (text)  "LXVII"
  LXVIII                                    → 1445 (text)  "LXVIII"
  LXIX                                      → 1688 (text)  "LXIX"
  LXX                                       → 1689 (text)  "LXX"
  LXXI                                      → 1589 (text)  "LXXI"
  LXXII                                     → 1690 (text)  "LXXII"
  LXXIII                                    → 1692 (text)  "LXXIII"
  LXXIV                                     → 1396 (text)  "LXXIV"
  LXXV                                      → 1583 (text)  "LXXV"
  LXXVI                                     → 1578 (text)  "LXXVI"
  LXXVII                                    → 1572 (text)  "LXXVII"
  LXXVIII                                   → 1693 (text)  "LXXVIII"
  LXXIX                                     → 1568 (text)  "LXXIX"
  LXXX                                      → 1392 (text)  "LXXX"
  LXXXI                                     → 1563 (text)  "LXXXI"
  LXXXII                                    → 1148 (text)  "LXXXII"
  LXXXIII                                   → 1696 (text)  "LXXXIII"
  LXXXIV                                    → 1086 (text)  "LXXXIV72"
  LXXXV                                     → 1555 (text)  "LXXXV"
  LXXXVI                                    → 1068 (text)  "LXXXVI74"
  LXXXVII                                   → 1556 (text)  "LXXXVII"
  LXXXVIII                                  → 1699 (text)  "LXXXVIII"
  LXXXIX                                    → 1700 (text)  "LXXXIX"
  XC                                        → 1550 (text)  "XC"
  XCI                                       → 1548 (text)  "XCI"
  XCII                                      → 1703 (text)  "XCII"
  XCIII                                     → 1546 (text)  "XCIII"
  XCIV                                      → 1192 (text)  "XCIV75"
  XCV                                       → 1537 (text)  "XCV"
  XCVI                                      → 1536 (text)  "XCVI"
  XCVII                                     → 1705 (text)  "XCVII"
  XCVIII                                    → 1706 (text)  "XCVIII"
  XCIX                                      → 1708 (text)  "XCIX"
  C                                         → 1710 (text)  "C"
  CI                                        → 1422 (text)  "CI"
  CII                                       → 1712 (text)  "CII"
  CIII                                      → 1713 (text)  "CIII"
  CIV                                       → 1714 (text)  "CIV"
  CV                                        → 1715 (text)  "CV"
  CVI                                       → 1716 (text)  "CVI"
  CVII                                      → 1513 (text)  "CVII"
  CVIII                                     → 1510 (text)  "CVIII"
  CIX                                       → 1719 (text)  "CIX"
  CX                                        → 1506 (text)  "CX"
  CXI                                       → 1720 (text)  "CXI"
  CXII                                      → 1721 (text)  "CXII"
  CXIII                                     → 1160 (text)  "CXIII"
  CXIV                                      → 1502 (text)  "CXIV"
  CXV                                       → 1493 (text)  "CXV"
  CXVI                                      → 1491 (text)  "CXVI"
  CXVII                                     → 1585 (text)  "CXVII"
  CXVIII                                    → 1726 (text)  "CXVIII"
  CXIX                                      → 1490 (text)  "CXIX"
  CXX                                       → 1489 (text)  "CXX"
  CXXI                                      → 1488 (text)  "CXXI"
  CXXII                                     → 1343 (text)  "CXXII"
  CXXIII                                    → 1487 (text)  "CXXIII"
  CXXIV                                     → 1485 (text)  "CXXIV"
  CXXV                                      → 1428 (text)  "CXXV"
  CXXVI                                     → 1538 (text)  "CXXVI"
  CXXVII                                    → 1480 (text)  "CXXVII"
  CXXVIII                                   → 1475 (text)  "CXXVIII"
  CXXIX                                     → 1529 (text)  "CXXIX"
  CXXX                                      → 1473 (text)  "CXXX"
  CXXXI                                     → 1471 (text)  "CXXXI"
  CXXXII                                    → 1734 (text)  "CXXXII"
  CXXXIII                                   → 1735 (text)  "CXXXIII"
  CXXXIV                                    → 1736 (text)  "CXXXIV"
  CXXXV                                     → 1526 (text)  "CXXXV"
  CXXXVI                                    → 1738 (text)  "CXXXVI"
  Fragments of Disputed Authorship          → 1461 (text)
    CXXXVII                                   → 1459 (text)  "CXXXVII"
    CXXXVIII                                  → 1458 (text)  "CXXXVIII"
    CXXXIX                                    → 1456 (text)  "CXXXIX"
    CXL                                       → 1449 (text)  "CXL"
    CXLI                                      → 1448 (text)  "CXLI"
    CXLII                                     → 1547 (text)  "CXLII"
    CXLIII                                    → 1444 (text)  "CXLIII"
    CXLIV                                     → 1443 (text)  "CXLIV"
    CXLV                                      → 1574 (text)  "CXLV"
    CXLVI                                     → 1436 (text)  "CXLVI"
    CXLVII                                    → 1434 (text)  "CXLVII"
    CXLVIII                                   → 1433 (text)  "CXLVIII"
    CXLIX                                     → 1431 (text)  "CXLIX"
    CL                                        → 1744 (text)  "CL"
    CLI                                       → 1429 (text)  "CLI"
    CLII                                      → 1426 (text)  "CLII"
    CLIII                                     → 1425 (text)  "CLIII"
    CLIV                                      → 1745 (text)  "CLIV"
    CLV                                       → 1746 (text)  "CLV"
    CLVI                                      → 1420 (text)  "CLVI"
    CLVII                                     → 1460 (text)  "CLVII"
    CLVIII                                    → 1748 (text)  "CLVIII"
    CLIX                                      → 1750 (text)  "CLIX"
    CLX                                       → 1435 (text)  "CLX"
    CLXI                                      → 1752 (text)  "CLXI"
    CLXII                                     → 1753 (text)  "CLXII"
    CLXIII                                    → 1416 (text)  "CLXIII"
    CLXIV                                     → 1754 (text)  "CLXIV"
    CLXV                                      → 1413 (text)  "CLXV"
    CLXVI                                     → 1411 (text)  "CLXVI"
    CLXVII                                    → 1530 (text)  "CLXVII"
    CLXVIII                                   → 1756 (text)  "CLXVIII"
  Some Fragments of Epictetus Omitted by Upton and by Meibomius       → 1515 (text)  "Some Fragments of Epictetus Omitted by Upton and b..."
    CLXIX                                     → 1406 (text)  "CLXIX"
    CLXX                                      → 1403 (text)  "CLXX"
    CLXXI                                     → 1758 (text)  "CLXXI"
    CLXXII                                    → 1394 (text)  "CLXXII"
    CLXXIII                                   → 1391 (text)  "CLXXIII"
    CLXXIV                                    → 1388 (text)  "CLXXIV"
    CLXXV                                     → 1759 (text)  "CLXXV"
    CLXXVI                                    → 1387 (text)  "CLXXVI"
    CLXXVII                                   → 1477 (text)  "CLXXVII"
    CLXXVIII                                  → 1385 (text)  "CLXXVIII"
  CLXXIX                                    → 1760 (text)
  CLXXX                                     → 1520 (text)
  CLXXXI                                    → 1369 (text)
Endnotes                                  → 1360 (text)  "Endnotes"
Colophon                                  → 1188 (text)
Uncopyright                               → 1098 (text)  "Uncopyright"

Total entries: 243

=== Landmarks (nRF) ===

[cover_page] cover_page                                → 1832 (no content)
[srl] Short Works                               → 1229 (text)
Endnotes                                  → 1360 (text)  "Endnotes"
Endnotes                                  → 1360 (text)  "Endnotes"
Endnotes                                  → 1360 (text)  "Endnotes"

Total entries: 5

=== Position Maps ===

--- position_map ---
Maps sections to the EIDs they contain.

Section c0 (2 EIDs: 1781..1832)
  EIDs: [1832, 1781]

Section c9 (2 EIDs: 1512..1785)
  EIDs: [1512, 1785]

Section cJ (7 EIDs: 1797..1827)
  EIDs: [1824, 1825, 1826, 1827, 1797, 1815, 1819]

Section c12 (130 EIDs: 868..1822)
  first 5: [1034, 1038, 1044, 1063, 1071]
  last 5:  [951, 956, 963, 971, 1008]

Section c5H (382 EIDs: 878..1776)
  first 5: [878, 882, 890, 894, 896]
  last 5:  [1757, 1758, 1759, 1760, 1776]

Section cHY (120 EIDs: 866..1799)
  first 5: [1024, 1026, 1032, 1036, 1040]
  last 5:  [1528, 1018, 1532, 1022, 1535]

Section cP6 (16 EIDs: 1166..1792)
  first 5: [1184, 1185, 1792, 1188, 1190]
  last 5:  [1171, 1174, 1179, 1180, 1183]

Section cPY (8 EIDs: 1098..1452)
  EIDs: [1154, 1159, 1450, 1162, 1098, 1451, 1452, 1151]

Total sections: 8
Total EID refs: 667

--- position_id_map ---
Maps cumulative positions (PIDs) to EID + offset.

Total entries: 668
PID range: 0..107905
EID range: 0..1832
Entries with non-zero offset: 0

Sample mappings (first 15):
  pid      0 → eid 1832
  pid      1 → eid 1781
  pid      2 → eid 1785
  pid      3 → eid 1512
  pid      4 → eid 1815
  pid      5 → eid 1824
  pid      6 → eid 1825
  pid      7 → eid 1797
  pid    185 → eid 1819
  pid    315 → eid 1827
  pid    896 → eid 1826
  pid   1197 → eid 1812
  pid   1198 → eid 1229
  pid   1199 → eid 1821
  pid   1215 → eid 1822
  ...

=== Reading Orders ===

1. default (8 sections)
     1. c0
     2. c9
     3. cJ
     4. c12
     5. c5H
     6. cHY
     7. cP6
     8. cPY

=== External Resources ===

e6         jpg    1400x2100 → resource/rsrc7
eF         jpg    1400x590 → resource/rsrc1DT
eS         jpg    220x140 → resource/rsrc1DU

Total resources: 3
=== Sections ===

c0              → l4 (container, 1400x2100)
c12             → l16 (text)
c5H             → l5N (text)
c9              → lD (text)
cHY             → lJ2 (text)
cJ              → lP (text)
cP6             → lPA (text)
cPY             → lR2 (text)

Total sections: 8
=== Storylines ===

--- l16 ---
  Content: 129 text items, 54 headings, 33 links

--- l4 ---
  Content: 1 images
  Resources: e6

--- l5N ---
  Content: 381 text items, 184 headings, 56 links

--- lD ---
  Content: 1 images
  Resources: eF

--- lJ2 ---
  Content: 119 text items, 1 headings, 98 links

--- lP ---
  Content: 5 text items, 1 images, 4 links
  Resources: eS

--- lPA ---
  Content: 14 text items, 1 images, 5 links
  Resources: eS

--- lR2 ---
  Content: 7 text items, 1 headings, 1 links


Total storylines: 8
